Archive member included to satisfy reference by file (symbol)

/usr/lib/arm-none-eabi/newlib/thumb/v7e-m+fp/hard/libc.a(libc_a-memset.o)
                              tasks.o (memset)
/usr/lib/arm-none-eabi/newlib/thumb/v7e-m+fp/hard/libc.a(libc_a-memcpy.o)
                              queue.o (memcpy)

There are no discarded input sections

Memory Configuration

Name             Origin             Length             Attributes
FLASH            0x08000000         0x00080000         xr
SRAM             0x20000000         0x00020000         xrw
*default*        0x00000000         0xffffffff

Linker script and memory map

LOAD main.o
LOAD led.o
LOAD stm32_startup.o
LOAD tasks.o
LOAD list.o
LOAD queue.o
LOAD port.o
LOAD heap_4.o
LOAD /usr/lib/arm-none-eabi/newlib/thumb/v7e-m+fp/hard/libc.a
LOAD /usr/lib/gcc/arm-none-eabi/13.2.1/libgcc.a

.text           0x08000000     0x3d68
 *(.isr_vector)
 .isr_vector    0x08000000       0xe8 stm32_startup.o
                0x08000000                vector
 *(.text)
 .text          0x080000e8      0x188 main.o
                0x080000e8                HardFault_Handler
                0x080000f0                MemManage_Handler
                0x080000f8                BusFault_Handler
                0x08000100                UsageFault_Handler
                0x08000108                NMI_Handler
                0x08000150                main
 .text          0x08000270      0x100 led.o
                0x08000270                delay
                0x0800029a                led_init_all
                0x0800030c                led_on
                0x0800033c                led_off
 .text          0x08000370       0x8c stm32_startup.o
                0x08000370                EXTI2_IRQHandler
                0x08000370                DebugMon_Handler
                0x08000370                TIM1_CC_IRQHandler
                0x08000370                DMA1_Stream5_IRQHandler
                0x08000370                SDIO_IRQHandler
                0x08000370                EXTI3_IRQHandler
                0x08000370                TIM1_UP_TIM10_IRQHandler
                0x08000370                EXTI18_OTG_FS_WKUP_IRQHandler
                0x08000370                EXTI0_IRQHandler
                0x08000370                I2C2_EV_IRQHandler
                0x08000370                DMA1_Stream2_IRQHandler
                0x08000370                SPI1_IRQHandler
                0x08000370                TIM1_BRK_TIM9_IRQHandler
                0x08000370                TIM4_IRQHandler
                0x08000370                I2C1_EV_IRQHandler
                0x08000370                DMA1_Stream6_IRQHandler
                0x08000370                DMA1_Stream1_IRQHandler
                0x08000370                TIM3_IRQHandler
                0x08000370                RCC_IRQHandler
                0x08000370                Default_Handler
                0x08000370                EXTI15_10_IRQHandler
                0x08000370                ADC_IRQHandler
                0x08000370                DMA1_Stream7_IRQHandler
                0x08000370                TIM5_IRQHandler
                0x08000370                EXTI9_5_IRQHandler
                0x08000370                SPI2_IRQHandler
                0x08000370                DMA1_Stream0_IRQHandler
                0x08000370                EXTI4_IRQHandler
                0x08000370                EXTI22_RTC_WKUP_IRQHandler
                0x08000370                EXTI21_Tamp_Stamp_IRQHandler
                0x08000370                WWDG_IRQHandler
                0x08000370                TIM2_IRQHandler
                0x08000370                EXTI16_PVD_IRQHandler
                0x08000370                TIM1_TRG_COM_TIM11_IRQHandler
                0x08000370                EXTI1_IRQHandler
                0x08000370                EXTI17_RTC_Alarm_IRQHandler
                0x08000370                USART2_IRQHandler
                0x08000370                I2C2_ER_IRQHandler
                0x08000370                FLASH_IRQHandler
                0x08000370                USART1_IRQHandler
                0x08000370                SPI3_IRQHandler
                0x08000370                DMA1_Stream4_IRQHandler
                0x08000370                I2C1_ER_IRQHandler
                0x08000370                DMA1_Stream3_IRQHandler
                0x08000378                Reset_Handler
 .text          0x080003fc     0x21a0 tasks.o
                0x08000476                xTaskCreate
                0x080006b4                vTaskDelete
                0x0800079c                xTaskDelayUntil
                0x08000840                vTaskDelay
                0x08000888                uxTaskPriorityGet
                0x080008bc                uxTaskPriorityGetFromISR
                0x08000914                vTaskPrioritySet
                0x08000a78                vTaskSuspend
                0x08000bd0                vTaskResume
                0x08000cc4                xTaskResumeFromISR
                0x08000e94                vTaskStartScheduler
                0x08000ef0                vTaskEndScheduler
                0x08000f48                vTaskSuspendAll
                0x08000f64                xTaskResumeAll
                0x08001158                xTaskGetTickCount
                0x08001178                xTaskGetTickCountFromISR
                0x0800119c                uxTaskGetNumberOfTasks
                0x080011b4                pcTaskGetName
                0x080011e0                xTaskCatchUpTicks
                0x08001214                xTaskIncrementTick
                0x08001428                vTaskSwitchContext
                0x080014c8                vTaskPlaceOnEventList
                0x080014f4                vTaskPlaceOnUnorderedEventList
                0x08001564                xTaskRemoveFromEventList
                0x080016fc                vTaskRemoveFromUnorderedEventList
                0x08001844                vTaskSetTimeOutState
                0x08001874                vTaskInternalSetTimeOutState
                0x080018a0                xTaskCheckForTimeOut
                0x08001934                vTaskMissedYield
                0x08001ab0                xTaskGetCurrentTaskHandle
                0x08001ad0                xTaskGetCurrentTaskHandleForCore
                0x08001b00                xTaskGetSchedulerState
                0x08001b3c                uxTaskResetEventItemValue
                0x08001b6c                ulTaskGenericNotifyTake
                0x08001c5c                xTaskGenericNotifyWait
                0x08001d80                xTaskGenericNotify
                0x08001f54                xTaskGenericNotifyFromISR
                0x080021a4                vTaskGenericNotifyGiveFromISR
                0x08002364                xTaskGenericNotifyStateClear
                0x080023bc                ulTaskGenericNotifyValueClear
                0x080024fc                vTaskResetState
 .text          0x0800259c      0x168 list.o
                0x0800259c                vListInitialise
                0x080025dc                vListInitialiseItem
                0x080025f6                vListInsertEnd
                0x0800263e                vListInsert
                0x080026b0                uxListRemove
 .text          0x08002704      0xc80 queue.o
                0x08002704                xQueueGenericReset
                0x080027ec                xQueueGenericCreate
                0x080028a8                xQueueGenericSend
                0x080029fc                xQueueGenericSendFromISR
                0x08002ac6                xQueueGiveFromISR
                0x08002b7e                xQueueReceive
                0x08002cc4                xQueueSemaphoreTake
                0x08002e00                xQueuePeek
                0x08002f48                xQueueReceiveFromISR
                0x0800300a                xQueuePeekFromISR
                0x08003070                uxQueueMessagesWaiting
                0x08003090                uxQueueSpacesAvailable
                0x080030ba                uxQueueMessagesWaitingFromISR
                0x080030da                vQueueDelete
                0x080030f4                uxQueueGetQueueItemSize
                0x0800310c                uxQueueGetQueueLength
                0x080032f8                xQueueIsQueueEmptyFromISR
                0x08003354                xQueueIsQueueFullFromISR
 .text          0x08003384      0x2c0 port.o
                0x08003384                pxPortInitialiseStack
                0x08003420                SVC_Handler
                0x0800346a                xPortStartScheduler
                0x080034d8                vPortEndScheduler
                0x080034e6                vPortEnterCritical
                0x0800351c                vPortExitCritical
                0x08003550                PendSV_Handler
                0x080035b2                SysTick_Handler
                0x080035f8                vPortSetupTimerInterrupt
 .text          0x08003644      0x51c heap_4.o
                0x08003644                pvPortMalloc
                0x080037a8                vPortFree
                0x0800383c                xPortGetFreeHeapSize
                0x08003854                xPortGetMinimumEverFreeHeapSize
                0x0800386c                xPortResetHeapMinimumEverFreeHeapSize
                0x0800388c                vPortInitialiseBlocks
                0x0800389a                pvPortCalloc
                0x08003a64                vPortGetHeapStats
                0x08003b20                vPortHeapResetState
 .text          0x08003b60       0xa4 /usr/lib/arm-none-eabi/newlib/thumb/v7e-m+fp/hard/libc.a(libc_a-memset.o)
                0x08003b60                memset
 .text          0x08003c04      0x134 /usr/lib/arm-none-eabi/newlib/thumb/v7e-m+fp/hard/libc.a(libc_a-memcpy.o)
                0x08003c04                memcpy
 *(.text*)
 *(.rodata)
 .rodata        0x08003d38       0x1e main.o
 *fill*         0x08003d56        0x2 
 .rodata        0x08003d58        0x9 tasks.o
 *fill*         0x08003d61        0x3 
 .rodata        0x08003d64        0x4 heap_4.o
 *(.rodata*)
                0x08003d68                        . = ALIGN (0x4)
                0x08003d68                        _etext = .

.glue_7         0x08003d68        0x0
 .glue_7        0x08003d68        0x0 linker stubs

.glue_7t        0x08003d68        0x0
 .glue_7t       0x08003d68        0x0 linker stubs

.vfp11_veneer   0x08003d68        0x0
 .vfp11_veneer  0x08003d68        0x0 linker stubs

.v4_bx          0x08003d68        0x0
 .v4_bx         0x08003d68        0x0 linker stubs

.iplt           0x08003d68        0x0
 .iplt          0x08003d68        0x0 main.o

.rel.dyn        0x08003d68        0x0
 .rel.iplt      0x08003d68        0x0 main.o

.ARM.extab      0x08003d68        0x0
 .ARM.extab     0x08003d68        0x0 /usr/lib/arm-none-eabi/newlib/thumb/v7e-m+fp/hard/libc.a(libc_a-memcpy.o)

.ARM.exidx      0x08003d68        0x8
 .ARM.exidx     0x08003d68        0x8 /usr/lib/arm-none-eabi/newlib/thumb/v7e-m+fp/hard/libc.a(libc_a-memcpy.o)

.eh_frame       0x08003d70       0x2c
 .eh_frame      0x08003d70       0x2c /usr/lib/arm-none-eabi/newlib/thumb/v7e-m+fp/hard/libc.a(libc_a-memcpy.o)

.data           0x20000000        0x4 load address 0x08003d9c
                0x20000000                        _sdata = .
 *(.data)
 .data          0x20000000        0x0 main.o
 .data          0x20000000        0x0 led.o
 .data          0x20000000        0x0 stm32_startup.o
 .data          0x20000000        0x0 tasks.o
 .data          0x20000000        0x0 list.o
 .data          0x20000000        0x0 queue.o
 .data          0x20000000        0x4 port.o
 .data          0x20000004        0x0 heap_4.o
 .data          0x20000004        0x0 /usr/lib/arm-none-eabi/newlib/thumb/v7e-m+fp/hard/libc.a(libc_a-memset.o)
 .data          0x20000004        0x0 /usr/lib/arm-none-eabi/newlib/thumb/v7e-m+fp/hard/libc.a(libc_a-memcpy.o)
 *(.data*)
                0x20000004                        . = ALIGN (0x4)
                0x20000004                        _edata = .

.igot.plt       0x20000004        0x0 load address 0x08003da0
 .igot.plt      0x20000004        0x0 main.o

.bss            0x20000004     0x6120 load address 0x08003da0
                0x20000004                        _sbss = .
 *(.bss)
 .bss           0x20000004        0x0 main.o
 .bss           0x20000004        0x0 led.o
 .bss           0x20000004        0x0 stm32_startup.o
 .bss           0x20000004      0x104 tasks.o
                0x20000004                pxCurrentTCB
 .bss           0x20000108        0x0 list.o
 .bss           0x20000108        0x0 queue.o
 .bss           0x20000108        0x0 port.o
 .bss           0x20000108     0x601c heap_4.o
 .bss           0x20006124        0x0 /usr/lib/arm-none-eabi/newlib/thumb/v7e-m+fp/hard/libc.a(libc_a-memset.o)
 .bss           0x20006124        0x0 /usr/lib/arm-none-eabi/newlib/thumb/v7e-m+fp/hard/libc.a(libc_a-memcpy.o)
 *(.bss*)
 *(COMMON)
                0x20006124                        . = ALIGN (0x4)
                0x20006124                        _ebss = .

.heap           0x20006124     0x6004 load address 0x08003da0
                0x20006128                        . = ALIGN (0x8)
 *fill*         0x20006124        0x4 
                0x20006128                        _heap_start = .
                0x2000c128                        . = (. + 0x6000)
 *fill*         0x20006128     0x6000 
                0x2000c128                        _heap_end = .
OUTPUT(final.elf elf32-littlearm)
LOAD linker stubs

.debug_info     0x00000000     0x3b80
 .debug_info    0x00000000      0x2b8 main.o
 .debug_info    0x000002b8      0x152 led.o
 .debug_info    0x0000040a      0x169 stm32_startup.o
 .debug_info    0x00000573     0x1b05 tasks.o
 .debug_info    0x00002078      0x29a list.o
 .debug_info    0x00002312      0xf4b queue.o
 .debug_info    0x0000325d      0x31b port.o
 .debug_info    0x00003578      0x4a0 heap_4.o
 .debug_info    0x00003a18      0x135 /usr/lib/arm-none-eabi/newlib/thumb/v7e-m+fp/hard/libc.a(libc_a-memset.o)
 .debug_info    0x00003b4d       0x33 /usr/lib/arm-none-eabi/newlib/thumb/v7e-m+fp/hard/libc.a(libc_a-memcpy.o)

.debug_abbrev   0x00000000      0xf22
 .debug_abbrev  0x00000000      0x161 main.o
 .debug_abbrev  0x00000161       0xd3 led.o
 .debug_abbrev  0x00000234       0xff stm32_startup.o
 .debug_abbrev  0x00000333      0x373 tasks.o
 .debug_abbrev  0x000006a6       0xec list.o
 .debug_abbrev  0x00000792      0x2a1 queue.o
 .debug_abbrev  0x00000a33      0x21d port.o
 .debug_abbrev  0x00000c50      0x1f3 heap_4.o
 .debug_abbrev  0x00000e43       0xb7 /usr/lib/arm-none-eabi/newlib/thumb/v7e-m+fp/hard/libc.a(libc_a-memset.o)
 .debug_abbrev  0x00000efa       0x28 /usr/lib/arm-none-eabi/newlib/thumb/v7e-m+fp/hard/libc.a(libc_a-memcpy.o)

.debug_aranges  0x00000000      0x140
 .debug_aranges
                0x00000000       0x20 main.o
 .debug_aranges
                0x00000020       0x20 led.o
 .debug_aranges
                0x00000040       0x20 stm32_startup.o
 .debug_aranges
                0x00000060       0x20 tasks.o
 .debug_aranges
                0x00000080       0x20 list.o
 .debug_aranges
                0x000000a0       0x20 queue.o
 .debug_aranges
                0x000000c0       0x20 port.o
 .debug_aranges
                0x000000e0       0x20 heap_4.o
 .debug_aranges
                0x00000100       0x20 /usr/lib/arm-none-eabi/newlib/thumb/v7e-m+fp/hard/libc.a(libc_a-memset.o)
 .debug_aranges
                0x00000120       0x20 /usr/lib/arm-none-eabi/newlib/thumb/v7e-m+fp/hard/libc.a(libc_a-memcpy.o)

.debug_line     0x00000000     0x23b2
 .debug_line    0x00000000      0x15e main.o
 .debug_line    0x0000015e       0xd3 led.o
 .debug_line    0x00000231       0xd3 stm32_startup.o
 .debug_line    0x00000304      0xe7b tasks.o
 .debug_line    0x0000117f      0x1b4 list.o
 .debug_line    0x00001333      0x830 queue.o
 .debug_line    0x00001b63      0x216 port.o
 .debug_line    0x00001d79      0x3ca heap_4.o
 .debug_line    0x00002143      0x1b6 /usr/lib/arm-none-eabi/newlib/thumb/v7e-m+fp/hard/libc.a(libc_a-memset.o)
 .debug_line    0x000022f9       0xb9 /usr/lib/arm-none-eabi/newlib/thumb/v7e-m+fp/hard/libc.a(libc_a-memcpy.o)

.debug_str      0x00000000     0x1974
 .debug_str     0x00000000     0x1974 main.o
                                0x2bb (size before relaxing)
 .debug_str     0x00001974      0x19e led.o
 .debug_str     0x00001974      0x1ab stm32_startup.o
 .debug_str     0x00001974      0xec9 tasks.o
 .debug_str     0x00001974      0x2a4 list.o
 .debug_str     0x00001974      0x820 queue.o
 .debug_str     0x00001974      0x33f port.o
 .debug_str     0x00001974      0x4fe heap_4.o
 .debug_str     0x00001974      0x1a8 /usr/lib/arm-none-eabi/newlib/thumb/v7e-m+fp/hard/libc.a(libc_a-memset.o)
 .debug_str     0x00001974       0xa7 /usr/lib/arm-none-eabi/newlib/thumb/v7e-m+fp/hard/libc.a(libc_a-memcpy.o)

.comment        0x00000000       0x26
 .comment       0x00000000       0x26 main.o
                                 0x27 (size before relaxing)
 .comment       0x00000026       0x27 led.o
 .comment       0x00000026       0x27 stm32_startup.o
 .comment       0x00000026       0x27 tasks.o
 .comment       0x00000026       0x27 list.o
 .comment       0x00000026       0x27 queue.o
 .comment       0x00000026       0x27 port.o
 .comment       0x00000026       0x27 heap_4.o
 .comment       0x00000026       0x27 /usr/lib/arm-none-eabi/newlib/thumb/v7e-m+fp/hard/libc.a(libc_a-memset.o)

.ARM.attributes
                0x00000000       0x32
 .ARM.attributes
                0x00000000       0x34 main.o
 .ARM.attributes
                0x00000034       0x34 led.o
 .ARM.attributes
                0x00000068       0x34 stm32_startup.o
 .ARM.attributes
                0x0000009c       0x34 tasks.o
 .ARM.attributes
                0x000000d0       0x34 list.o
 .ARM.attributes
                0x00000104       0x34 queue.o
 .ARM.attributes
                0x00000138       0x34 port.o
 .ARM.attributes
                0x0000016c       0x34 heap_4.o
 .ARM.attributes
                0x000001a0       0x34 /usr/lib/arm-none-eabi/newlib/thumb/v7e-m+fp/hard/libc.a(libc_a-memset.o)
 .ARM.attributes
                0x000001d4       0x20 /usr/lib/arm-none-eabi/newlib/thumb/v7e-m+fp/hard/libc.a(libc_a-memcpy.o)

.debug_frame    0x00000000     0x1168
 .debug_frame   0x00000000      0x150 main.o
 .debug_frame   0x00000150       0xac led.o
 .debug_frame   0x000001fc       0x4c stm32_startup.o
 .debug_frame   0x00000248      0x790 tasks.o
 .debug_frame   0x000009d8       0xd8 list.o
 .debug_frame   0x00000ab0      0x384 queue.o
 .debug_frame   0x00000e34      0x178 port.o
 .debug_frame   0x00000fac      0x190 heap_4.o
 .debug_frame   0x0000113c       0x2c /usr/lib/arm-none-eabi/newlib/thumb/v7e-m+fp/hard/libc.a(libc_a-memset.o)

.debug_rnglists
                0x00000000       0x1c
 .debug_rnglists
                0x00000000       0x1c tasks.o

.debug_loclists
                0x00000000      0x1c2
 .debug_loclists
                0x00000000      0x1c2 /usr/lib/arm-none-eabi/newlib/thumb/v7e-m+fp/hard/libc.a(libc_a-memset.o)

.debug_line_str
                0x00000000       0x94
 .debug_line_str
                0x00000000       0x94 /usr/lib/arm-none-eabi/newlib/thumb/v7e-m+fp/hard/libc.a(libc_a-memcpy.o)
